---
source: src/passes/hir_gen/mod.rs
expression: "Tuple(Tuple { values: [ExpressionId(1), ExpressionId(2)] })"
---
Expression {
    id: HirId(
        2,
    ),
    kind: Aggregate(
        Aggregate {
            values: [
                ExpressionId(
                    0,
                ),
                ExpressionId(
                    1,
                ),
            ],
        },
    ),
}
