---
source: src/passes/hir_gen/mod.rs
expression: "Call(Call { callee: ExpressionId(0), arguments: [] })"
---
Expression {
    id: HirId(
        1,
    ),
    kind: Call(
        Call {
            callee: ExpressionId(
                0,
            ),
            arguments: [],
        },
    ),
}
