---
source: src/passes/hir_gen/mod.rs
expression: "Variable(Variable { variable: StringId(0) })"
---
Expression {
    id: HirId(
        0,
    ),
    kind: Variable(
        Variable {
            binding: BindingId {
                id: InnerBindingId(
                    0,
                ),
                kind: PhantomData<fn() -> lumina2::util::scopes::Identifier>,
            },
        },
    ),
}
