---
source: src/passes/thir_gen.rs
expression: "Assign { variable: ExpressionId(0), value: ExpressionId(0) }"
---
[
    (
        Expression(
            ExpressionId(
                0,
            ),
        ),
        Eq(
            Expression(
                ExpressionId(
                    0,
                ),
            ),
        ),
    ),
    (
        Expression(
            ExpressionId(
                1,
            ),
        ),
        Eq(
            Type(
                Unit,
            ),
        ),
    ),
    (
        Expression(
            ExpressionId(
                0,
            ),
        ),
        Eq(
            Type(
                Unit,
            ),
        ),
    ),
    (
        Expression(
            ExpressionId(
                0,
            ),
        ),
        Eq(
            Type(
                Unit,
            ),
        ),
    ),
]
