---
source: src/passes/ast_gen.rs
expression: true && false
---
Expression {
    id: AstId(
        2,
    ),
    kind: Binary(
        Binary {
            lhs: ExpressionId(
                0,
            ),
            operation: LogicalAnd,
            rhs: ExpressionId(
                1,
            ),
        },
    ),
}
