---
source: src/passes/thir_gen.rs
expression: "[] => Unit"
---
[
    (
        Binding(
            BindingId(
                0,
            ),
        ),
        Eq(
            Type(
                Function {
                    parameters: [],
                    return_ty: Unit,
                },
            ),
        ),
    ),
]
