---
source: src/passes/thir_gen.rs
expression: "Binary { lhs: ExpressionId(0), operation: Equal, rhs: ExpressionId(0) }"
---
[
    (
        Expression(
            ExpressionId(
                0,
            ),
        ),
        Eq(
            Type(
                TypeId(
                    0,
                ),
            ),
        ),
    ),
    (
        Expression(
            ExpressionId(
                0,
            ),
        ),
        Eq(
            Type(
                TypeId(
                    0,
                ),
            ),
        ),
    ),
    (
        Expression(
            ExpressionId(
                0,
            ),
        ),
        Eq(
            Expression(
                ExpressionId(
                    0,
                ),
            ),
        ),
    ),
    (
        Expression(
            ExpressionId(
                1,
            ),
        ),
        Eq(
            Type(
                TypeId(
                    4,
                ),
            ),
        ),
    ),
]
