---
source: src/passes/cst_gen.rs
expression: ((some_ident))
---
Paren {
    tok_l_paren: LParen,
    expr: Paren(
        Paren {
            tok_l_paren: LParen,
            expr: Variable(
                Variable {
                    variable: Ident(
                        "some_ident",
                    ),
                },
            ),
            tok_r_paren: RParen,
        },
    ),
    tok_r_paren: RParen,
}
