---
source: src/passes/thir_gen.rs
expression: Type(I8)
---
[
    (
        Binding(
            BindingId(
                0,
            ),
        ),
        Eq(
            Type(
                I8,
            ),
        ),
    ),
    (
        Expression(
            ExpressionId(
                0,
            ),
        ),
        Eq(
            Type(
                Unit,
            ),
        ),
    ),
]
