---
source: src/passes/thir_gen.rs
expression: "Binary { lhs: ExprId(0), op: LogicalAnd(AmpAmp), rhs: ExprId(0) }"
---
[
    (
        Expr(
            ExprId(
                0,
            ),
        ),
        Eq(
            Type(
                Unit,
            ),
        ),
    ),
    (
        Expr(
            ExprId(
                0,
            ),
        ),
        Eq(
            Type(
                Unit,
            ),
        ),
    ),
    (
        Expr(
            ExprId(
                0,
            ),
        ),
        Eq(
            Type(
                Boolean,
            ),
        ),
    ),
    (
        Expr(
            ExprId(
                0,
            ),
        ),
        Eq(
            Type(
                Boolean,
            ),
        ),
    ),
    (
        Expr(
            ExprId(
                1,
            ),
        ),
        Eq(
            Type(
                Boolean,
            ),
        ),
    ),
]
