---
source: src/passes/thir_gen.rs
expression: "Binary { lhs: ExpressionId(0), operation: Plus, rhs: ExpressionId(0) }"
---
[
    (
        TypeVarId(
            4,
        ),
        Aggregate(
            [],
        ),
    ),
    (
        TypeVarId(
            4,
        ),
        Aggregate(
            [],
        ),
    ),
    (
        TypeVarId(
            4,
        ),
        Eq(
            TypeVarId(
                4,
            ),
        ),
    ),
    (
        TypeVarId(
            4,
        ),
        Integer(
            Any,
        ),
    ),
    (
        TypeVarId(
            4,
        ),
        Integer(
            Any,
        ),
    ),
    (
        TypeVarId(
            0,
        ),
        Eq(
            TypeVarId(
                4,
            ),
        ),
    ),
]
