---
source: src/passes/cst_gen.rs
expression: "1"
---
Expr(
    ExprStatement {
        expr: Literal(
            Integer(
                IntegerLiteral(
                    IntLit(
                        1,
                    ),
                ),
            ),
        ),
        tok_semicolon: None,
    },
)
