---
source: src/passes/cst_gen.rs
expression: "fn some_function() {}"
---
FunctionDeclaration {
    signature: FunctionSignature {
        tok_fn: Fn,
        name: Ident(
            "some_function",
        ),
        tok_l_parenthesis: LParenthesis,
        parameters: PunctuatedList {
            items: [],
            punctuation: [],
        },
        tok_r_parenthesis: RParenthesis,
        return_ty: None,
    },
    body: Block {
        tok_l_brace: LBrace,
        statements: [],
        tok_r_brace: RBrace,
    },
}
