---
source: src/passes/ast_gen.rs
expression: "(1, (2, true), 4)"
---
Tuple(
    Tuple {
        values: [
            ExpressionId(
                0,
            ),
            ExpressionId(
                3,
            ),
            ExpressionId(
                4,
            ),
        ],
    },
)
