---
source: src/passes/thir_gen.rs
expression: "Unary { operation: Negative, value: ExpressionId(0) }"
---
[
    (
        TypeVarId(
            4,
        ),
        Aggregate(
            0,
        ),
    ),
    (
        TypeVarId(
            0,
        ),
        Eq(
            TypeVarId(
                4,
            ),
        ),
    ),
    (
        TypeVarId(
            4,
        ),
        Integer(
            Signed,
        ),
    ),
]
