---
source: src/passes/cst_gen.rs
expression: let a = 1;
---
LetStatement {
    tok_let: Let,
    variable: Ident(
        "a",
    ),
    tok_eq: Eq,
    value: Literal(
        Integer(
            IntegerLiteral(
                IntegerLiteral(
                    1,
                ),
            ),
        ),
    ),
    tok_semicolon: SemiColon,
}
