---
source: src/passes/thir_gen.rs
expression: "Binary { lhs: ExpressionId(0), operation: LogicalAnd, rhs: ExpressionId(0) }"
---
[
    (
        TypeVarId(
            4,
        ),
        Aggregate(
            0,
        ),
    ),
    (
        TypeVarId(
            4,
        ),
        Aggregate(
            0,
        ),
    ),
    (
        TypeVarId(
            4,
        ),
        Eq(
            TypeVarId(
                2,
            ),
        ),
    ),
    (
        TypeVarId(
            4,
        ),
        Eq(
            TypeVarId(
                2,
            ),
        ),
    ),
    (
        TypeVarId(
            0,
        ),
        Eq(
            TypeVarId(
                2,
            ),
        ),
    ),
]
