---
source: src/passes/thir_gen.rs
expression: Type(TypeId(1))
---
[
    (
        Binding(
            BindingId(
                0,
            ),
        ),
        Eq(
            Type(
                TypeId(
                    1,
                ),
            ),
        ),
    ),
    (
        Expression(
            ExpressionId(
                0,
            ),
        ),
        Aggregate(
            [],
        ),
    ),
]
