---
source: src/passes/cst_gen.rs
expression: true && something
---
Binary(
    Binary {
        lhs: Literal(
            Boolean(
                True(
                    True,
                ),
            ),
        ),
        operation: LogicalAnd(
            AmpAmp,
        ),
        rhs: Variable(
            Variable {
                variable: Ident(
                    "something",
                ),
            },
        ),
    },
)
