---
source: src/passes/cst_gen.rs
expression: return 1;
---
ReturnStatement {
    tok_return: Return,
    value: Literal(
        Integer(
            IntegerLiteral(
                IntegerLiteral(
                    1,
                ),
            ),
        ),
    ),
    tok_semicolon: SemiColon,
}
