---
source: src/passes/ast_gen.rs
expression: "if condition { then } else if thing { then_2 } else { otherwise }"
---
Expression {
    id: AstId(
        8,
    ),
    kind: If(
        If {
            conditions: [
                (
                    ExpressionId(
                        0,
                    ),
                    BlockId(
                        0,
                    ),
                ),
                (
                    ExpressionId(
                        2,
                    ),
                    BlockId(
                        1,
                    ),
                ),
            ],
            otherwise: Some(
                BlockId(
                    2,
                ),
            ),
        },
    ),
}
