---
source: src/passes/ast_gen.rs
expression: "trait MyTrait { fn something(); }"
---
Trait {
    id: AstId(
        0,
    ),
    annotations: [],
    name: StringId(
        1,
    ),
    methods: {
        StringId(
            0,
        ): FunctionSignature {
            name: StringId(
                0,
            ),
            parameters: [],
            return_ty: None,
        },
    },
}
