---
source: src/passes/cst_gen.rs
expression: "fn some_function(a: u32, b: bool) -> bool { let a = 1; 1 + 2; }"
---
FunctionDeclaration {
    tok_fn: Fn,
    name: Ident(
        "some_function",
    ),
    tok_l_parenthesis: LParenthesis,
    parameters: PunctuatedList {
        items: [
            FunctionParameter {
                name: Ident(
                    "a",
                ),
                tok_colon: Colon,
                ty: Named(
                    Ident(
                        "u32",
                    ),
                ),
            },
            FunctionParameter {
                name: Ident(
                    "b",
                ),
                tok_colon: Colon,
                ty: Named(
                    Ident(
                        "bool",
                    ),
                ),
            },
        ],
        punctuation: [
            Comma,
        ],
    },
    tok_r_parenthesis: RParenthesis,
    return_ty: Some(
        FunctionReturnType {
            tok_thin_arrow: ThinArrow,
            ty: Named(
                Ident(
                    "bool",
                ),
            ),
        },
    ),
    body: Block {
        tok_l_brace: LBrace,
        statements: [
            Let(
                LetStatement {
                    tok_let: Let,
                    variable: Ident(
                        "a",
                    ),
                    tok_eq: Eq,
                    value: Literal(
                        Integer(
                            IntegerLiteral(
                                IntegerLiteral(
                                    1,
                                ),
                            ),
                        ),
                    ),
                    tok_semicolon: SemiColon,
                },
            ),
            Expression(
                ExpressionStatement {
                    expression: Binary(
                        Binary {
                            lhs: Literal(
                                Integer(
                                    IntegerLiteral(
                                        IntegerLiteral(
                                            1,
                                        ),
                                    ),
                                ),
                            ),
                            operation: Plus(
                                Plus,
                            ),
                            rhs: Literal(
                                Integer(
                                    IntegerLiteral(
                                        IntegerLiteral(
                                            2,
                                        ),
                                    ),
                                ),
                            ),
                        },
                    ),
                    tok_semicolon: Some(
                        SemiColon,
                    ),
                },
            ),
        ],
        tok_r_brace: RBrace,
    },
}
