---
source: src/passes/ast_gen.rs
expression: extern fn some_function();
---
FunctionDeclaration {
    id: AstId(
        0,
    ),
    annotations: [],
    signature: FunctionSignature {
        name: StringId(
            0,
        ),
        parameters: [],
        return_ty: None,
    },
    implementation: None,
}
