---
source: src/passes/thir_gen.rs
expression: "Binary { lhs: ExprId(0), op: Plus(Plus), rhs: ExprId(0) }"
---
[
    (
        Expr(
            ExprId(
                0,
            ),
        ),
        Eq(
            Type(
                Unit,
            ),
        ),
    ),
    (
        Expr(
            ExprId(
                0,
            ),
        ),
        Eq(
            Type(
                Unit,
            ),
        ),
    ),
    (
        Expr(
            ExprId(
                0,
            ),
        ),
        Eq(
            Expr(
                ExprId(
                    0,
                ),
            ),
        ),
    ),
    (
        Expr(
            ExprId(
                0,
            ),
        ),
        Integer(
            Any,
        ),
    ),
    (
        Expr(
            ExprId(
                0,
            ),
        ),
        Integer(
            Any,
        ),
    ),
    (
        Expr(
            ExprId(
                1,
            ),
        ),
        Eq(
            Expr(
                ExprId(
                    0,
                ),
            ),
        ),
    ),
]
