---
source: src/passes/thir_gen.rs
expression: Type(TypeId(2))
---
[
    (
        Binding(
            BindingId(
                0,
            ),
        ),
        Eq(
            Type(
                TypeId(
                    2,
                ),
            ),
        ),
    ),
    (
        Expression(
            ExpressionId(
                0,
            ),
        ),
        Eq(
            Type(
                TypeId(
                    0,
                ),
            ),
        ),
    ),
]
