---
source: src/passes/thir_gen.rs
expression: Inferred(ExpressionId(0))
---
[
    (
        TypeVarId(
            0,
        ),
        Eq(
            TypeVarId(
                1,
            ),
        ),
    ),
    (
        TypeVarId(
            1,
        ),
        Aggregate(
            [],
        ),
    ),
]
