---
source: src/passes/thir_gen.rs
expression: "[(BindingId(1), TypeId(2)), (BindingId(2), TypeId(4))] => TypeId(4)"
---
[
    (
        Binding(
            BindingId(
                0,
            ),
        ),
        Eq(
            Type(
                TypeId(
                    5,
                ),
            ),
        ),
    ),
]
