---
source: src/passes/thir_gen.rs
expression: "*pass.constraints"
---
[
    (
        TypeVarId(
            0,
        ),
        Integer(
            Any,
        ),
    ),
    (
        TypeVarId(
            0,
        ),
        Eq(
            TypeVarId(
                4,
            ),
        ),
    ),
    (
        TypeVarId(
            5,
        ),
        Aggregate(
            0,
        ),
    ),
]
