---
source: src/passes/ast_gen.rs
expression: "if condition { then } else { otherwise }"
---
Expression {
    id: AstId(
        5,
    ),
    kind: If(
        If {
            conditions: [
                (
                    ExpressionId(
                        0,
                    ),
                    BlockId(
                        0,
                    ),
                ),
            ],
            otherwise: Some(
                BlockId(
                    1,
                ),
            ),
        },
    ),
}
