---
source: src/passes/cst_gen.rs
expression: return 1;
---
Return(
    ReturnStatement {
        tok_return: Return,
        value: Some(
            Literal(
                Integer(
                    IntegerLiteral(
                        IntegerLiteral(
                            1,
                        ),
                    ),
                ),
            ),
        ),
        tok_semicolon: SemiColon,
    },
)
