---
source: src/passes/cst_gen.rs
expression: "fn some_func() { let a = 1; 1 + 2; }"
---
FunctionDeclaration {
    tok_fn: Fn,
    name: Ident(
        "some_func",
    ),
    tok_lparen: LParen,
    params: PunctuatedList {
        items: [],
        punctuation: [],
    },
    tok_rparan: RParen,
    return_ty: None,
    body: Block {
        tok_l_brace: LBrace,
        statements: [
            Let(
                LetStatement {
                    tok_let: Let,
                    variable: Ident(
                        "a",
                    ),
                    tok_eq: Eq,
                    value: Literal(
                        Integer(
                            IntegerLiteral(
                                IntLit(
                                    1,
                                ),
                            ),
                        ),
                    ),
                    tok_semicolon: SemiColon,
                },
            ),
            Expr(
                ExprStatement {
                    expr: Binary(
                        Binary {
                            lhs: Literal(
                                Integer(
                                    IntegerLiteral(
                                        IntLit(
                                            1,
                                        ),
                                    ),
                                ),
                            ),
                            op: Plus(
                                Plus,
                            ),
                            rhs: Literal(
                                Integer(
                                    IntegerLiteral(
                                        IntLit(
                                            2,
                                        ),
                                    ),
                                ),
                            ),
                        },
                    ),
                    tok_semicolon: Some(
                        SemiColon,
                    ),
                },
            ),
        ],
        tok_r_brace: RBrace,
    },
}
