---
source: src/passes/cst_gen.rs
expression: "(1,)"
---
Tuple(
    Tuple {
        tok_l_parenthesis: LParenthesis,
        items: PunctuatedList {
            items: [
                Literal(
                    Integer(
                        IntegerLiteral(
                            IntegerLiteral(
                                1,
                            ),
                        ),
                    ),
                ),
            ],
            punctuation: [
                Comma,
            ],
        },
        tok_r_parenthesis: RParenthesis,
    },
)
