---
source: src/stages/ast_builder.rs
expression: "if condition { then } else if thing { then_2 } else { otherwise }"
---
If {
    conditions: [
        (
            ExprId(
                0,
            ),
            BlockId(
                0,
            ),
        ),
        (
            ExprId(
                2,
            ),
            BlockId(
                1,
            ),
        ),
    ],
    otherwise: Some(
        BlockId(
            2,
        ),
    ),
}
