---
source: src/stages/parse.rs
expression: "{ let a = 1; let b = 1; }"
---
Block {
    tok_l_brace: LBrace,
    statements: [
        Let(
            LetStatement {
                tok_let: Let,
                variable: Ident(
                    "a",
                ),
                tok_eq: Eq,
                value: Literal(
                    Integer(
                        IntegerLiteral(
                            IntLit(
                                1,
                            ),
                        ),
                    ),
                ),
                tok_semicolon: SemiColon,
            },
        ),
        Let(
            LetStatement {
                tok_let: Let,
                variable: Ident(
                    "b",
                ),
                tok_eq: Eq,
                value: Literal(
                    Integer(
                        IntegerLiteral(
                            IntLit(
                                1,
                            ),
                        ),
                    ),
                ),
                tok_semicolon: SemiColon,
            },
        ),
    ],
    tok_r_brace: RBrace,
}
