---
source: src/stages/ty/constraint_builder.rs
expression: "Binary { lhs: ExprId(1), op: Greater(RAngle), rhs: ExprId(2) }"
---
[
    (
        Expr(
            ExprId(
                1,
            ),
        ),
        Eq(
            Expr(
                ExprId(
                    2,
                ),
            ),
        ),
    ),
    (
        Expr(
            ExprId(
                1,
            ),
        ),
        Integer(
            Any,
        ),
    ),
    (
        Expr(
            ExprId(
                2,
            ),
        ),
        Integer(
            Any,
        ),
    ),
    (
        Expr(
            ExprId(
                0,
            ),
        ),
        Eq(
            Type(
                Boolean,
            ),
        ),
    ),
]
