---
source: src/ir/ir_macro/mod.rs
expression: "ir! { let _0: u8; let _1: u8; let _2: u8; bb0: { return; } }"
---
Body {
    ctx: Ctx {
        tys: IndexedVec(
            [
                U8,
            ],
            PhantomData<fn() -> lumina2::ir::value::Ty>,
        ),
    },
    basic_blocks: IndexedVec(
        [
            BasicBlockData {
                statements: [],
                terminator: Return,
            },
        ],
        PhantomData<fn() -> lumina2::ir::BasicBlock>,
    ),
    local_decls: IndexedVec(
        [
            LocalDecl {
                ty: Ty(
                    Key(
                        0,
                    ),
                ),
            },
            LocalDecl {
                ty: Ty(
                    Key(
                        0,
                    ),
                ),
            },
            LocalDecl {
                ty: Ty(
                    Key(
                        0,
                    ),
                ),
            },
        ],
        PhantomData<fn() -> lumina2::ir::Local>,
    ),
    arg_count: 0,
}
